[2026-08-09 13:01:06] [SUCCESS] Loaded environment variables from /home/narvin/Documents/AI/Friday/.env
[2026-08-09 13:01:06] [INFO] Using local config: /home/narvin/Documents/AI/Friday/config/config.json
[2026-08-09 13:01:06] [WARNING] Failed to initialize secret manager: cryptography library is required for SecretManager
[2026-08-09 13:01:06] [SUCCESS] Configuration loaded successfully
[2026-08-09 13:01:06] [SYSTEM] Initializing JeanMax with modern architecture...
[2026-08-09 13:01:06] [AI] Loading Whisper model base on cuda with int8...
[2026-08-09 13:01:07] [SUCCESS] Whisper model loaded and cached!
[2026-08-09 13:01:07] [AI] PyTorch JeanMax.pt Multi-Task Model loaded successfully! (Device: cuda)
[2026-08-09 13:01:07] [INFO]    - Intents: 19, Responses: 99
[2026-08-09 13:01:07] [SUCCESS] JeanMax modules initialized with modern architecture!
[2026-08-09 13:01:14] [LISTENING] Listening...
[2026-08-09 13:01:14] [LISTENING] Hearing voice...
[2026-08-09 13:01:29] [TRANSCRIBING] Transcribing speech...
[2026-08-09 13:01:29] [LISTENING] Listening...
[2026-08-09 13:01:29] [LISTENING] Hearing voice...
[2026-08-09 13:01:36] [WARNING] Received signal 2, shutting down...
[2026-08-09 13:01:36] [SYSTEM] Cleaning up resources...
[2026-08-09 13:01:36] [ERROR] Error closing audio devices: module 'sounddevice' has no attribute 'terminate'
[2026-08-09 13:01:36] [SUCCESS] Cleanup complete
[2026-08-09 13:01:36] [SYSTEM] Cleaning up resources...
[2026-08-09 13:01:36] [ERROR] Error closing audio devices: module 'sounddevice' has no attribute 'terminate'
[2026-08-09 13:01:36] [SUCCESS] Cleanup complete
